▶ RC2.1a production watch — 30 iterations · every 60s · logging to /app/memory/evidence/rc21a_prod_watch.jsonl
{"iter":1,"ts":"2026-07-19T09:05:18Z","alarm":"OK","health":"200","auth":"200","login_ms":4830,"plugins":"200","plugins_count":"21","analyze_verdict":"skipped","analyze_family":"skipped","analyze_ms":0}
{"iter":2,"ts":"2026-07-19T09:06:23Z","alarm":"OK","health":"200","auth":"200","login_ms":2083,"plugins":"200","plugins_count":"21","analyze_verdict":"skipped","analyze_family":"skipped","analyze_ms":0}
{"iter":3,"ts":"2026-07-19T09:07:26Z","alarm":"OK","health":"200","auth":"200","login_ms":1962,"plugins":"200","plugins_count":"21","analyze_verdict":"skipped","analyze_family":"skipped","analyze_ms":0}
{"iter":4,"ts":"2026-07-19T09:08:29Z","alarm":"OK","health":"200","auth":"200","login_ms":1583,"plugins":"200","plugins_count":"21","analyze_verdict":"skipped","analyze_family":"skipped","analyze_ms":0}
{"iter":5,"ts":"2026-07-19T09:09:31Z","alarm":"OK","health":"200","auth":"200","login_ms":2312,"plugins":"200","plugins_count":"21","analyze_verdict":"malicious","analyze_family":"Meterpreter/MSFvenom stager","analyze_ms":1327}
{"iter":6,"ts":"2026-07-19T09:10:36Z","alarm":"OK","health":"200","auth":"200","login_ms":1581,"plugins":"200","plugins_count":"21","analyze_verdict":"skipped","analyze_family":"skipped","analyze_ms":0}
{"iter":7,"ts":"2026-07-19T09:11:38Z","alarm":"OK","health":"200","auth":"200","login_ms":5370,"plugins":"200","plugins_count":"21","analyze_verdict":"skipped","analyze_family":"skipped","analyze_ms":0}
{"iter":8,"ts":"2026-07-19T09:12:54Z","alarm":"OK","health":"200","auth":"200","login_ms":1938,"plugins":"200","plugins_count":"21","analyze_verdict":"skipped","analyze_family":"skipped","analyze_ms":0}
{"iter":9,"ts":"2026-07-19T09:13:58Z","alarm":"HEALTH_FAIL","health":"520","auth":"401_or_5xx","login_ms":155,"plugins":"skipped","plugins_count":"?","analyze_verdict":"skipped","analyze_family":"skipped","analyze_ms":0}
{"iter":10,"ts":"2026-07-19T09:14:58Z","alarm":"OK","health":"200","auth":"200","login_ms":3193,"plugins":"200","plugins_count":"21","analyze_verdict":"malicious","analyze_family":"Meterpreter/MSFvenom stager","analyze_ms":2821}
{"iter":11,"ts":"2026-07-19T09:16:05Z","alarm":"OK","health":"200","auth":"200","login_ms":2818,"plugins":"200","plugins_count":"21","analyze_verdict":"skipped","analyze_family":"skipped","analyze_ms":0}
{"iter":12,"ts":"2026-07-19T09:17:13Z","alarm":"OK","health":"200","auth":"200","login_ms":3606,"plugins":"200","plugins_count":"21","analyze_verdict":"skipped","analyze_family":"skipped","analyze_ms":0}
{"iter":13,"ts":"2026-07-19T09:18:18Z","alarm":"OK","health":"200","auth":"200","login_ms":1888,"plugins":"200","plugins_count":"21","analyze_verdict":"skipped","analyze_family":"skipped","analyze_ms":0}
{"iter":14,"ts":"2026-07-19T09:19:25Z","alarm":"OK","health":"200","auth":"200","login_ms":2204,"plugins":"200","plugins_count":"21","analyze_verdict":"skipped","analyze_family":"skipped","analyze_ms":0}
{"iter":15,"ts":"2026-07-19T09:20:27Z","alarm":"OK","health":"200","auth":"200","login_ms":6102,"plugins":"200","plugins_count":"21","analyze_verdict":"malicious","analyze_family":"Meterpreter/MSFvenom stager","analyze_ms":1837}
{"iter":16,"ts":"2026-07-19T09:21:39Z","alarm":"OK","health":"200","auth":"200","login_ms":1797,"plugins":"200","plugins_count":"21","analyze_verdict":"skipped","analyze_family":"skipped","analyze_ms":0}
{"iter":17,"ts":"2026-07-19T09:22:41Z","alarm":"OK","health":"200","auth":"200","login_ms":14135,"plugins":"200","plugins_count":"21","analyze_verdict":"skipped","analyze_family":"skipped","analyze_ms":0}
{"iter":18,"ts":"2026-07-19T09:24:05Z","alarm":"OK","health":"200","auth":"200","login_ms":2246,"plugins":"200","plugins_count":"21","analyze_verdict":"skipped","analyze_family":"skipped","analyze_ms":0}
{"iter":19,"ts":"2026-07-19T09:25:08Z","alarm":"OK","health":"200","auth":"200","login_ms":1627,"plugins":"200","plugins_count":"21","analyze_verdict":"skipped","analyze_family":"skipped","analyze_ms":0}
{"iter":20,"ts":"2026-07-19T09:26:10Z","alarm":"OK","health":"200","auth":"200","login_ms":2107,"plugins":"200","plugins_count":"21","analyze_verdict":"malicious","analyze_family":"Meterpreter/MSFvenom stager","analyze_ms":1086}
{"iter":21,"ts":"2026-07-19T09:27:14Z","alarm":"OK","health":"200","auth":"200","login_ms":1700,"plugins":"200","plugins_count":"21","analyze_verdict":"skipped","analyze_family":"skipped","analyze_ms":0}
{"iter":22,"ts":"2026-07-19T09:28:16Z","alarm":"OK","health":"200","auth":"200","login_ms":1782,"plugins":"200","plugins_count":"21","analyze_verdict":"skipped","analyze_family":"skipped","analyze_ms":0}
{"iter":23,"ts":"2026-07-19T09:29:22Z","alarm":"OK","health":"200","auth":"200","login_ms":3790,"plugins":"200","plugins_count":"21","analyze_verdict":"skipped","analyze_family":"skipped","analyze_ms":0}
{"iter":24,"ts":"2026-07-19T09:30:27Z","alarm":"OK","health":"200","auth":"200","login_ms":2301,"plugins":"200","plugins_count":"21","analyze_verdict":"skipped","analyze_family":"skipped","analyze_ms":0}
{"iter":25,"ts":"2026-07-19T09:31:30Z","alarm":"OK","health":"200","auth":"200","login_ms":2047,"plugins":"200","plugins_count":"21","analyze_verdict":"malicious","analyze_family":"Meterpreter/MSFvenom stager","analyze_ms":992}
{"iter":26,"ts":"2026-07-19T09:32:33Z","alarm":"OK","health":"200","auth":"200","login_ms":2066,"plugins":"200","plugins_count":"21","analyze_verdict":"skipped","analyze_family":"skipped","analyze_ms":0}
{"iter":27,"ts":"2026-07-19T09:33:36Z","alarm":"OK","health":"200","auth":"200","login_ms":1706,"plugins":"200","plugins_count":"21","analyze_verdict":"skipped","analyze_family":"skipped","analyze_ms":0}
{"iter":28,"ts":"2026-07-19T09:34:38Z","alarm":"OK","health":"200","auth":"200","login_ms":2201,"plugins":"200","plugins_count":"21","analyze_verdict":"skipped","analyze_family":"skipped","analyze_ms":0}
{"iter":29,"ts":"2026-07-19T09:35:41Z","alarm":"OK","health":"200","auth":"200","login_ms":3554,"plugins":"200","plugins_count":"21","analyze_verdict":"skipped","analyze_family":"skipped","analyze_ms":0}
{"iter":30,"ts":"2026-07-19T09:36:45Z","alarm":"OK","health":"200","auth":"200","login_ms":10919,"plugins":"200","plugins_count":"21","analyze_verdict":"malicious","analyze_family":"Meterpreter/MSFvenom stager","analyze_ms":1954}
============================================================
RC2.1a Post-Deploy Watch — final summary
Probes: 30
  OK: 29
  HEALTH_FAIL: 1
VERDICT: ⚠️  ALARM(s) fired — inspect log & consider rollback
